###############################################################################
#                                                                             #
# IAR ELF Linker V6.40.1.53790/W32 for ARM              22/Jul/2015  10:51:07 #
# Copyright 2007-2012 IAR Systems AB.                                         #
#                                                                             #
#    Output file  =  J:\liu_bottom77\build\fire_demo\Debug\Exe\fire_gpio_demo #
#                    .out                                                     #
#    Map file     =  J:\liu_bottom77\build\fire_demo\Debug\List\fire_gpio_dem #
#                    o.map                                                    #
#    Command line =  J:\liu_bottom77\build\fire_demo\Debug\Obj\AT24C02.o      #
#                    J:\liu_bottom77\build\fire_demo\Debug\Obj\BSP.o          #
#                    J:\liu_bottom77\build\fire_demo\Debug\Obj\FTM.o          #
#                    J:\liu_bottom77\build\fire_demo\Debug\Obj\LED.o          #
#                    J:\liu_bottom77\build\fire_demo\Debug\Obj\PIT.o          #
#                    J:\liu_bottom77\build\fire_demo\Debug\Obj\adc.o          #
#                    J:\liu_bottom77\build\fire_demo\Debug\Obj\alloc.o        #
#                    J:\liu_bottom77\build\fire_demo\Debug\Obj\app.o          #
#                    J:\liu_bottom77\build\fire_demo\Debug\Obj\app_hooks.o    #
#                    J:\liu_bottom77\build\fire_demo\Debug\Obj\arm_cm4.o      #
#                    J:\liu_bottom77\build\fire_demo\Debug\Obj\assert.o       #
#                    J:\liu_bottom77\build\fire_demo\Debug\Obj\balance.o      #
#                    J:\liu_bottom77\build\fire_demo\Debug\Obj\ccd.o          #
#                    J:\liu_bottom77\build\fire_demo\Debug\Obj\coder.o        #
#                    J:\liu_bottom77\build\fire_demo\Debug\Obj\crt0.o         #
#                    J:\liu_bottom77\build\fire_demo\Debug\Obj\delay.o        #
#                    J:\liu_bottom77\build\fire_demo\Debug\Obj\direction.o    #
#                    J:\liu_bottom77\build\fire_demo\Debug\Obj\dma.o          #
#                    J:\liu_bottom77\build\fire_demo\Debug\Obj\exti.o         #
#                    J:\liu_bottom77\build\fire_demo\Debug\Obj\flash.o        #
#                    J:\liu_bottom77\build\fire_demo\Debug\Obj\gpio.o         #
#                    J:\liu_bottom77\build\fire_demo\Debug\Obj\i2c.o          #
#                    J:\liu_bottom77\build\fire_demo\Debug\Obj\infrared.o     #
#                    J:\liu_bottom77\build\fire_demo\Debug\Obj\io.o           #
#                    J:\liu_bottom77\build\fire_demo\Debug\Obj\isr.o          #
#                    J:\liu_bottom77\build\fire_demo\Debug\Obj\kalman.o       #
#                    J:\liu_bottom77\build\fire_demo\Debug\Obj\lcd.o          #
#                    J:\liu_bottom77\build\fire_demo\Debug\Obj\lptmr.o        #
#                    J:\liu_bottom77\build\fire_demo\Debug\Obj\main.o         #
#                    J:\liu_bottom77\build\fire_demo\Debug\Obj\mcg.o          #
#                    J:\liu_bottom77\build\fire_demo\Debug\Obj\memtest.o      #
#                    J:\liu_bottom77\build\fire_demo\Debug\Obj\motor.o        #
#                    J:\liu_bottom77\build\fire_demo\Debug\Obj\os_core.o      #
#                    J:\liu_bottom77\build\fire_demo\Debug\Obj\os_cpu_a.o     #
#                    J:\liu_bottom77\build\fire_demo\Debug\Obj\os_cpu_c.o     #
#                    J:\liu_bottom77\build\fire_demo\Debug\Obj\os_dbg.o       #
#                    J:\liu_bottom77\build\fire_demo\Debug\Obj\os_flag.o      #
#                    J:\liu_bottom77\build\fire_demo\Debug\Obj\os_mbox.o      #
#                    J:\liu_bottom77\build\fire_demo\Debug\Obj\os_mem.o       #
#                    J:\liu_bottom77\build\fire_demo\Debug\Obj\os_mutex.o     #
#                    J:\liu_bottom77\build\fire_demo\Debug\Obj\os_q.o         #
#                    J:\liu_bottom77\build\fire_demo\Debug\Obj\os_sem.o       #
#                    J:\liu_bottom77\build\fire_demo\Debug\Obj\os_task.o      #
#                    J:\liu_bottom77\build\fire_demo\Debug\Obj\os_time.o      #
#                    J:\liu_bottom77\build\fire_demo\Debug\Obj\os_tmr.o       #
#                    J:\liu_bottom77\build\fire_demo\Debug\Obj\printf.o       #
#                    J:\liu_bottom77\build\fire_demo\Debug\Obj\queue.o        #
#                    J:\liu_bottom77\build\fire_demo\Debug\Obj\speed.o        #
#                    J:\liu_bottom77\build\fire_demo\Debug\Obj\start.o        #
#                    J:\liu_bottom77\build\fire_demo\Debug\Obj\startup.o      #
#                    J:\liu_bottom77\build\fire_demo\Debug\Obj\stdlib.o       #
#                    J:\liu_bottom77\build\fire_demo\Debug\Obj\sysinit.o      #
#                    J:\liu_bottom77\build\fire_demo\Debug\Obj\uart.o         #
#                    J:\liu_bottom77\build\fire_demo\Debug\Obj\uart_send.o    #
#                    J:\liu_bottom77\build\fire_demo\Debug\Obj\uif.o          #
#                    J:\liu_bottom77\build\fire_demo\Debug\Obj\vectors.o      #
#                    J:\liu_bottom77\build\fire_demo\Debug\Obj\wdog.o         #
#                    J:\liu_bottom77\src\LIB\CMSIS\iar_cortexM4l_math.a -o    #
#                    J:\liu_bottom77\build\fire_demo\Debug\Exe\fire_gpio_demo #
#                    .out --map J:\liu_bottom77\build\fire_demo\Debug\List\fi #
#                    re_gpio_demo.map --config "J:\liu_bottom77\build\fire_de #
#                    mo\..\config files\fire_ROM_K60N512.icf" --semihosting   #
#                    --entry __iar_program_start --vfe                        #
#                                                                             #
#                                                                             #
###############################################################################

*******************************************************************************
*** RUNTIME MODEL ATTRIBUTES
***

CppFlavor       = *
__SystemLibrary = DLib


*******************************************************************************
*** PLACEMENT SUMMARY
***

"A1":  place at 0x00000000 { ro section .intvec };
"A2":  place at 0x00000410 { ro section .noinit };
"P1":  place in [from 0x00000000 to 0x00040000] { ro, block CodeRelocate };
"P2":  place in [from 0x1fff0410 to 0x20010000] {
          rw, block CodeRelocateRam, block CSTACK, block HEAP };

  Section              Kind        Address    Size  Object
  -------              ----        -------    ----  ------
"A1":                                        0x410
  .intvec              const    0x00000000   0x410  vectors.o [1]
                              - 0x00000410   0x410

"A2":                                         0x3c
  .noinit              ro code  0x00000410    0x3c  crt0.o [1]
                              - 0x0000044c    0x3c

"P1":                                       0x758c
  Veneer               ro code  0x0000044c     0x8  - Linker created -
  Veneer               ro code  0x00000454     0x8  - Linker created -
  Veneer               ro code  0x0000045c     0x8  - Linker created -
  Veneer               ro code  0x00000464     0x8  - Linker created -
  .text                ro code  0x0000046c  0x19b4  lcd.o [1]
  .text                ro code  0x00001e20   0x174  gpio.o [1]
  .text                ro code  0x00001f94    0xd8  FltMul.o [4]
  .text                ro code  0x0000206c    0x44  FltToS32.o [4]
  .text                ro code  0x000020b0   0x342  adc.o [1]
  .text                ro code  0x000023f2    0x22  zero_init3.o [5]
  .text                ro code  0x00002414    0x32  I32ToFlt.o [4]
  .text                ro code  0x00002448    0x84  FltAdd.o [4]
  .text                ro code  0x000024cc    0xfc  FltDiv.o [4]
  .text                ro code  0x000025c8    0x4e  FltToDbl.o [4]
  .text                ro code  0x00002618    0xe8  DblAdd.o [4]
  .text                ro code  0x00002700    0x90  DblToFlt.o [4]
  .text                ro code  0x00002790    0x1c  assert.o [1]
  .text                ro code  0x000027ac    0xe6  FltSub.o [4]
  .text                ro code  0x00002894   0x180  DblSub.o [4]
  .text                ro code  0x00002a14    0xc4  LED.o [1]
  .text                ro code  0x00002ad8   0x55c  printf.o [1]
  .text                ro code  0x00003034    0x30  delay.o [1]
  .text                ro code  0x00003064    0x20  stdlib.o [1]
  .text                ro code  0x00003084   0x8b4  direction.o [1]
  .text                ro code  0x00003938    0x24  FltCmpGe.o [4]
  .text                ro code  0x0000395c    0x24  FltCmpLe.o [4]
  .text                ro code  0x00003980   0x246  DblDiv.o [4]
  .text                ro code  0x00003bc8   0x318  uart_send.o [1]
  .text                ro code  0x00003ee0     0x6  ABImemclr4.o [5]
  .text                ro code  0x00003ee8   0x244  uart.o [1]
  .text                ro code  0x0000412c    0x32  ABImemset48.o [5]
  .rodata              const    0x00004160   0x5f0  lcd.o [1]
  .text                ro code  0x00004750   0x520  start.o [1]
  .text                ro code  0x00004c70    0x38  wdog.o [1]
  .text                ro code  0x00004ca8    0xc0  startup.o [1]
  .text                ro code  0x00004d68    0x5c  sysinit.o [1]
  .text                ro code  0x00004dc4   0x460  main.o [1]
  .text                ro code  0x00005224    0xbc  arm_cm4.o [1]
  Veneer               ro code  0x000052e0     0x8  - Linker created -
  .text                ro code  0x000052e8   0x2f4  mcg.o [1]
  .text                ro code  0x000055dc   0x1b8  motor.o [1]
  .text                ro code  0x00005794   0x1ec  ccd.o [1]
  .text                ro code  0x00005980    0x30  infrared.o [1]
  .text                ro code  0x000059b0   0x174  coder.o [1]
  .text                ro code  0x00005b24    0x70  PIT.o [1]
  .text                ro code  0x00005b94   0x214  kalman.o [1]
  .text                ro code  0x00005da8    0xc0  speed.o [1]
  .text                ro code  0x00005e68    0xbc  balance.o [1]
  .text                ro code  0x00005f24   0x3d8  FTM.o [1]
  .text                ro code  0x000062fc   0x1a2  DblMul.o [4]
  .text                ro code  0x000064a0    0x24  FltToU32.o [4]
  .text                ro code  0x000064c4    0x1c  I32ToDbl.o [4]
  .text                ro code  0x000064e0    0x6c  exti.o [1]
  .text                ro code  0x0000654c   0x258  dma.o [1]
  .text                ro code  0x000067a4    0xf0  sqrt.o [4]
  .text                ro code  0x00006894    0x1c  FltCmpEq.o [4]
  .text                ro code  0x000068b0     0xc  iarEdom.o [5]
  .text                ro code  0x000068bc     0xc  errno.o [3]
  .text                ro code  0x000068c8     0x2  xtls.o [3]
  .rodata              const    0x000068cc   0x228  lcd.o [1]
  CodeRelocate                  0x00006af4   0x220  <Block>
    Initializer bytes  ro data  0x00006af4   0x220  <for CodeRelocateRam-1>
  .rodata              const    0x00006d14   0x1dc  lcd.o [1]
  .text                ro code  0x00006ef0   0x16c  isr.o [1]
  .data_init                    0x0000705c   0x114  <Block>
    Initializer bytes  ro data  0x0000705c   0x114  <for .data-1>
  .rodata              const    0x00007170    0x4c  assert.o [1]
  .rodata              const    0x000071bc    0x48  start.o [1]
  .rodata              const    0x00007204    0x40  start.o [1]
  .rodata              const    0x00007244    0x38  arm_cm4.o [1]
  .rodata              const    0x0000727c    0x34  flash.o [1]
  .rodata              const    0x000072b0    0x34  gpio.o [1]
  .rodata              const    0x000072e4    0x30  FTM.o [1]
  .rodata              const    0x00007314    0x30  adc.o [1]
  .rodata              const    0x00007344    0x30  vectors.o [1]
  .rodata              const    0x00007374    0x2c  start.o [1]
  .rodata              const    0x000073a0    0x28  start.o [1]
  .rodata              const    0x000073c8    0x28  start.o [1]
  .text                ro code  0x000073f0    0x28  data_init3.o [5]
  .rodata              const    0x00007418    0x24  lcd.o [1]
  .iar.init_table      const    0x0000743c    0x18  - Linker created -
  .rodata              const    0x00007454    0x20  isr.o [1]
  .rodata              const    0x00007474    0x20  start.o [1]
  .rodata              const    0x00007494    0x20  start.o [1]
  .rodata              const    0x000074b4    0x20  start.o [1]
  .rodata              const    0x000074d4    0x20  start.o [1]
  .rodata              const    0x000074f4    0x20  start.o [1]
  .text                ro code  0x00007514    0x20  vectors.o [1]
  .rodata              const    0x00007534    0x1c  start.o [1]
  .rodata              const    0x00007550    0x1c  start.o [1]
  .rodata              const    0x0000756c    0x1c  start.o [1]
  .rodata              const    0x00007588    0x18  start.o [1]
  .rodata              const    0x000075a0    0x18  start.o [1]
  .rodata              const    0x000075b8    0x18  start.o [1]
  .rodata              const    0x000075d0    0x18  start.o [1]
  .rodata              const    0x000075e8    0x18  start.o [1]
  .rodata              const    0x00007600    0x18  start.o [1]
  .rodata              const    0x00007618    0x18  start.o [1]
  .rodata              const    0x00007630    0x18  start.o [1]
  .text                ro code  0x00007648    0x16  cmain.o [5]
  .text                ro code  0x0000765e     0x4  low_level_init.o [3]
  .text                ro code  0x00007662     0x4  exit.o [3]
  .text                ro code  0x00007668     0xa  cexit.o [5]
  .text                ro code  0x00007674    0x14  exit.o [6]
  .rodata              const    0x00007688    0x14  isr.o [1]
  .rodata              const    0x0000769c    0x14  start.o [1]
  .rodata              const    0x000076b0    0x14  start.o [1]
  .rodata              const    0x000076c4    0x14  start.o [1]
  .rodata              const    0x000076d8    0x14  start.o [1]
  .rodata              const    0x000076ec    0x14  start.o [1]
  .rodata              const    0x00007700    0x14  start.o [1]
  .rodata              const    0x00007714    0x14  start.o [1]
  .rodata              const    0x00007728    0x14  start.o [1]
  .rodata              const    0x0000773c    0x10  isr.o [1]
  .rodata              const    0x0000774c    0x10  start.o [1]
  .rodata              const    0x0000775c    0x10  start.o [1]
  .rodata              const    0x0000776c    0x10  start.o [1]
  .rodata              const    0x0000777c    0x10  start.o [1]
  .rodata              const    0x0000778c    0x10  start.o [1]
  .rodata              const    0x0000779c    0x10  start.o [1]
  .rodata              const    0x000077ac    0x10  start.o [1]
  .rodata              const    0x000077bc    0x10  start.o [1]
  .rodata              const    0x000077cc    0x10  start.o [1]
  .rodata              const    0x000077dc    0x10  start.o [1]
  .rodata              const    0x000077ec    0x10  start.o [1]
  .rodata              const    0x000077fc    0x10  start.o [1]
  .rodata              const    0x0000780c    0x10  start.o [1]
  .text                ro code  0x0000781c    0x10  io.o [1]
  .rodata              const    0x0000782c     0xc  lcd.o [1]
  .rodata              const    0x00007838     0xc  lcd.o [1]
  .rodata              const    0x00007844     0xc  lcd.o [1]
  .rodata              const    0x00007850     0xc  lcd.o [1]
  .rodata              const    0x0000785c     0xc  lcd.o [1]
  .rodata              const    0x00007868     0xc  lcd.o [1]
  .rodata              const    0x00007874     0xc  lcd.o [1]
  .rodata              const    0x00007880     0xc  lcd.o [1]
  .rodata              const    0x0000788c     0xc  lcd.o [1]
  .rodata              const    0x00007898     0xc  lcd.o [1]
  .rodata              const    0x000078a4     0xc  lcd.o [1]
  .rodata              const    0x000078b0     0xc  lcd.o [1]
  .rodata              const    0x000078bc     0xc  lcd.o [1]
  .rodata              const    0x000078c8     0xc  lcd.o [1]
  .rodata              const    0x000078d4     0xc  lcd.o [1]
  .rodata              const    0x000078e0     0xc  lcd.o [1]
  .rodata              const    0x000078ec     0xc  lcd.o [1]
  .rodata              const    0x000078f8     0xc  lcd.o [1]
  .rodata              const    0x00007904     0xc  lcd.o [1]
  .rodata              const    0x00007910     0xc  lcd.o [1]
  .rodata              const    0x0000791c     0xc  start.o [1]
  .rodata              const    0x00007928     0xc  start.o [1]
  .rodata              const    0x00007934     0xc  start.o [1]
  .rodata              const    0x00007940     0xc  start.o [1]
  .text                ro code  0x0000794c     0xc  cstartup_M.o [5]
  .rodata              const    0x00007958     0x8  lcd.o [1]
  .rodata              const    0x00007960     0x8  lcd.o [1]
  .rodata              const    0x00007968     0x8  lcd.o [1]
  .rodata              const    0x00007970     0x8  lcd.o [1]
  .rodata              const    0x00007978     0x8  lcd.o [1]
  .rodata              const    0x00007980     0x8  lcd.o [1]
  .rodata              const    0x00007988     0x8  lcd.o [1]
  .rodata              const    0x00007990     0x8  lcd.o [1]
  .rodata              const    0x00007998     0x8  start.o [1]
  .rodata              const    0x000079a0     0x8  start.o [1]
  .rodata              const    0x000079a8     0x8  start.o [1]
  .rodata              const    0x000079b0     0x8  start.o [1]
  .rodata              const    0x000079b8     0x8  start.o [1]
  .rodata              const    0x000079c0     0x8  start.o [1]
  .rodata              const    0x000079c8     0x8  start.o [1]
  .rodata              const    0x000079d0     0x8  start.o [1]
  .rodata              const    0x000079d8     0x0  zero_init3.o [5]
                              - 0x000079d8  0x758c

"P2", part 1 of 3:                           0x334
  CodeRelocateRam               0x1fff0410   0x220  <Block>
    CodeRelocateRam-1           0x1fff0410   0x220  <Init block>
      Veneer           inited   0x1fff0410     0x8  - Linker created -
      .textrw          inited   0x1fff0418   0x1c6  flash.o [1]
      .textrw          inited   0x1fff05e0    0x50  mcg.o [1]
  .data                         0x1fff0630   0x114  <Block>
    .data-1                     0x1fff0630   0x114  <Init block>
      .data            inited   0x1fff0630     0xc  FTM.o [1]
      .data            inited   0x1fff063c     0x8  adc.o [1]
      .data            inited   0x1fff0644     0x4  balance.o [1]
      .data            inited   0x1fff0648     0x4  balance.o [1]
      .data            inited   0x1fff064c     0x4  balance.o [1]
      .data            inited   0x1fff0650     0x4  ccd.o [1]
      .data            inited   0x1fff0654     0x4  direction.o [1]
      .data            inited   0x1fff0658     0x4  direction.o [1]
      .data            inited   0x1fff065c     0x4  direction.o [1]
      .data            inited   0x1fff0660     0x4  direction.o [1]
      .data            inited   0x1fff0664     0x4  direction.o [1]
      .data            inited   0x1fff0668     0x4  direction.o [1]
      .data            inited   0x1fff066c     0x4  direction.o [1]
      .data            inited   0x1fff0670     0x4  direction.o [1]
      .data            inited   0x1fff0674     0x4  direction.o [1]
      .data            inited   0x1fff0678     0x4  direction.o [1]
      .data            inited   0x1fff067c     0x4  direction.o [1]
      .data            inited   0x1fff0680     0x4  direction.o [1]
      .data            inited   0x1fff0684     0x4  direction.o [1]
      .data            inited   0x1fff0688     0x4  direction.o [1]
      .data            inited   0x1fff068c    0x14  gpio.o [1]
      .data            inited   0x1fff06a0    0x14  gpio.o [1]
      .data            inited   0x1fff06b4     0x4  kalman.o [1]
      .data            inited   0x1fff06b8     0x4  kalman.o [1]
      .data            inited   0x1fff06bc     0x4  kalman.o [1]
      .data            inited   0x1fff06c0    0x40  lcd.o [1]
      .data            inited   0x1fff0700     0x4  lcd.o [1]
      .data            inited   0x1fff0704     0x4  lcd.o [1]
      .data            inited   0x1fff0708     0x4  lcd.o [1]
      .data            inited   0x1fff070c     0x4  lcd.o [1]
      .data            inited   0x1fff0710     0x4  main.o [1]
      .data            inited   0x1fff0714     0x1  main.o [1]
      .data            inited   0x1fff0718     0x8  mcg.o [1]
      .data            inited   0x1fff0720     0x4  speed.o [1]
      .data            inited   0x1fff0724     0x4  speed.o [1]
      .data            inited   0x1fff0728     0x4  speed.o [1]
      .data            inited   0x1fff072c    0x18  uart.o [1]
                              - 0x1fff0744   0x334

"P2", part 2 of 3:                           0x2e0
  .bss                          0x1fff0744   0x2df  <Block>
    .bss               zero     0x1fff0744    0x10  adc.o [1]
    .bss               zero     0x1fff0754     0x4  balance.o [1]
    .bss               zero     0x1fff0758     0x4  ccd.o [1]
    .bss               zero     0x1fff075c     0x4  ccd.o [1]
    .bss               zero     0x1fff0760    0x80  ccd.o [1]
    .bss               zero     0x1fff07e0    0x80  ccd.o [1]
    .bss               zero     0x1fff0860     0x4  ccd.o [1]
    .bss               zero     0x1fff0864     0x4  coder.o [1]
    .bss               zero     0x1fff0868     0x4  coder.o [1]
    .bss               zero     0x1fff086c     0x4  coder.o [1]
    .bss               zero     0x1fff0870     0x4  coder.o [1]
    .bss               zero     0x1fff0874     0x4  coder.o [1]
    .bss               zero     0x1fff0878     0x4  coder.o [1]
    .bss               zero     0x1fff087c    0x10  coder.o [1]
    .bss               zero     0x1fff088c     0x4  direction.o [1]
    .bss               zero     0x1fff0890     0x4  direction.o [1]
    .bss               zero     0x1fff0894     0x4  direction.o [1]
    .bss               zero     0x1fff0898    0x80  direction.o [1]
    .bss               zero     0x1fff0918     0x4  direction.o [1]
    .bss               zero     0x1fff091c     0x4  direction.o [1]
    .bss               zero     0x1fff0920     0x4  direction.o [1]
    .bss               zero     0x1fff0924     0x4  direction.o [1]
    .bss               zero     0x1fff0928    0x40  dma.o [1]
    .bss               zero     0x1fff0968     0x4  kalman.o [1]
    .bss               zero     0x1fff096c     0x4  kalman.o [1]
    .bss               zero     0x1fff0970    0x10  kalman.o [1]
    .bss               zero     0x1fff0980     0x4  kalman.o [1]
    .bss               zero     0x1fff0984     0x4  kalman.o [1]
    .bss               zero     0x1fff0988     0x4  kalman.o [1]
    .bss               zero     0x1fff098c     0x4  kalman.o [1]
    .bss               zero     0x1fff0990     0x4  kalman.o [1]
    .bss               zero     0x1fff0994     0x4  kalman.o [1]
    .bss               zero     0x1fff0998     0x4  lcd.o [1]
    .bss               zero     0x1fff099c     0x4  lcd.o [1]
    .bss               zero     0x1fff09a0     0x4  lcd.o [1]
    .bss               zero     0x1fff09a4     0x4  lcd.o [1]
    .bss               zero     0x1fff09a8     0x4  lcd.o [1]
    .bss               zero     0x1fff09ac     0x4  lcd.o [1]
    .bss               zero     0x1fff09b0     0x4  main.o [1]
    .bss               zero     0x1fff09b4     0x4  main.o [1]
    .bss               zero     0x1fff09b8     0x4  main.o [1]
    .bss               zero     0x1fff09bc     0x4  main.o [1]
    .bss               zero     0x1fff09c0     0x4  main.o [1]
    .bss               zero     0x1fff09c4     0x4  main.o [1]
    .bss               zero     0x1fff09c8     0x4  main.o [1]
    .bss               zero     0x1fff09cc     0x4  main.o [1]
    .bss               zero     0x1fff09d0     0x4  main.o [1]
    .bss               zero     0x1fff09d4     0x4  main.o [1]
    .bss               zero     0x1fff09d8     0x4  main.o [1]
    .bss               zero     0x1fff09dc     0x4  main.o [1]
    .bss               zero     0x1fff09e0     0x4  main.o [1]
    .bss               zero     0x1fff09e4     0x4  main.o [1]
    .bss               zero     0x1fff09e8     0x4  main.o [1]
    .bss               zero     0x1fff09ec     0x4  main.o [1]
    .bss               zero     0x1fff09f0     0x4  main.o [1]
    .bss               zero     0x1fff09f4     0x4  motor.o [1]
    .bss               zero     0x1fff09f8     0x4  motor.o [1]
    .bss               zero     0x1fff09fc     0x4  motor.o [1]
    .bss               zero     0x1fff0a00     0x4  motor.o [1]
    .bss               zero     0x1fff0a04     0x4  motor.o [1]
    .bss               zero     0x1fff0a08     0x4  speed.o [1]
    .bss               zero     0x1fff0a0c     0x4  sysinit.o [1]
    .bss               zero     0x1fff0a10     0x4  sysinit.o [1]
    .bss               zero     0x1fff0a14     0x4  sysinit.o [1]
    .bss               zero     0x1fff0a18     0x1  direction.o [1]
    .bss               zero     0x1fff0a19     0x1  direction.o [1]
    .bss               zero     0x1fff0a1a     0x1  direction.o [1]
    .bss               zero     0x1fff0a1b     0x1  direction.o [1]
    .bss               zero     0x1fff0a1c     0x1  direction.o [1]
    .bss               zero     0x1fff0a1d     0x1  direction.o [1]
    .bss               zero     0x1fff0a1e     0x1  lcd.o [1]
    .bss               zero     0x1fff0a1f     0x1  lcd.o [1]
    .bss               zero     0x1fff0a20     0x1  lcd.o [1]
    .bss               zero     0x1fff0a21     0x1  lcd.o [1]
    .bss               zero     0x1fff0a22     0x1  main.o [1]
                              - 0x1fff0a23   0x2df

"P2", part 3 of 3:                             0x4
  __DLIB_PERTHREAD     zero     0x1fff0a24     0x4  errno.o [3]
                              - 0x1fff0a28     0x4


*******************************************************************************
*** INIT TABLE
***

          Address     Size
          -------     ----
Zero (__iar_zero_init3)
    2 destination ranges, total size 0x2e3:
          0x1fff0744  0x2df
          0x1fff0a24    0x4



*******************************************************************************
*** MODULE SUMMARY
***

    Module            ro code  rw code  ro data  rw data
    ------            -------  -------  -------  -------
J:\liu_bottom77\build\fire_demo\Debug\Obj: [1]
    FTM.o                 984                60       12
    LED.o                 196
    PIT.o                 112
    adc.o                 834                56       24
    arm_cm4.o             188                56
    assert.o               28                76
    balance.o             188                12       16
    ccd.o                 492                 4      272
    coder.o               372                         40
    crt0.o                 60
    delay.o                48
    direction.o         2 228                56      218
    dma.o                 600                         64
    exti.o                108
    flash.o                        454      506
    gpio.o                372                92       40
    infrared.o             48
    io.o                   16
    isr.o                 364                68
    kalman.o              532                12       60
    lcd.o               6 580             2 968      108
    main.o              1 120                 5       74
    mcg.o                 756       80       93        8
    motor.o               440                         20
    printf.o            1 372
    speed.o               192                12       16
    start.o             1 312             1 176
    startup.o             192
    stdlib.o               32
    sysinit.o              92                         12
    uart.o                580                24       24
    uart_send.o           792
    vectors.o              32             1 088
    wdog.o                 56
    ----------------------------------------------------
    Total:             21 318      534    6 364    1 008

command line: [2]
    ----------------------------------------------------
    Total:

dl7M_tln.a: [3]
    errno.o                12                          4
    exit.o                  4
    low_level_init.o        4
    xtls.o                  2
    ----------------------------------------------------
    Total:                 22                          4

m7M_tl.a: [4]
    DblAdd.o              232
    DblDiv.o              582
    DblMul.o              418
    DblSub.o              384
    DblToFlt.o            144
    FltAdd.o              132
    FltCmpEq.o             28
    FltCmpGe.o             36
    FltCmpLe.o             36
    FltDiv.o              252
    FltMul.o              216
    FltSub.o              230
    FltToDbl.o             78
    FltToS32.o             68
    FltToU32.o             36
    I32ToDbl.o             28
    I32ToFlt.o             50
    sqrt.o                240
    ----------------------------------------------------
    Total:              3 190

rt7M_tl.a: [5]
    ABImemclr4.o            6
    ABImemset48.o          50
    cexit.o                10
    cmain.o                22
    cstartup_M.o           12
    data_init3.o           40
    iarEdom.o              12
    zero_init3.o           34
    ----------------------------------------------------
    Total:                186

shb_l.a: [6]
    exit.o                 20
    ----------------------------------------------------
    Total:                 20

    Gaps                   16        2        4        3
    Linker created         40        8       32
--------------------------------------------------------
    Grand Total:       24 792      544    6 400    1 015


*******************************************************************************
*** ENTRY LIST
***

Entry                      Address   Size  Type      Object
-----                      -------   ----  ----      ------
.bss$$Base              0x1fff0744          --   Gb  - Linker created -
.bss$$Limit             0x1fff0a23          --   Gb  - Linker created -
.data$$Base             0x1fff0630          --   Gb  - Linker created -
.data$$Limit            0x1fff0744          --   Gb  - Linker created -
.data_init$$Base        0x0000705c          --   Gb  - Linker created -
.data_init$$Limit       0x00007170          --   Gb  - Linker created -
?main                   0x00007649         Code  Gb  cmain.o [5]
ADCx                    0x1fff063c    0x8  Data  Gb  adc.o [1]
ASSERT_FAILED_STR       0x00007170   0x4c  Data  Gb  assert.o [1]
CRC_CHECK               0x00003bc9   0x4a  Code  Gb  uart_send.o [1]
CodeRelocate$$Base      0x00006af4          --   Gb  - Linker created -
CodeRelocate$$Limit     0x00006d14          --   Gb  - Linker created -
CodeRelocateRam$$Base   0x1fff0410          --   Gb  - Linker created -
CodeRelocateRam$$Limit  0x1fff0630          --   Gb  - Linker created -
DMA_count_Init          0x0000654d  0x1f6  Code  Gb  dma.o [1]
DMA_count_get           0x00006743   0x1c  Code  Gb  dma.o [1]
DMA_count_reset         0x0000675f   0x18  Code  Gb  dma.o [1]
Dly_ms                  0x00000ecd   0x26  Code  Gb  lcd.o [1]
F14x16                  0x00006d14  0x1dc  Data  Gb  lcd.o [1]
F14x16_Idx              0x00007418   0x24  Data  Gb  lcd.o [1]
F6x8                    0x000068cc  0x228  Data  Gb  lcd.o [1]
F8X16                   0x00004160  0x5f0  Data  Gb  lcd.o [1]
FTM0_IRQHandler         0x00006fd7    0x2  Code  Gb  isr.o [1]
FTM1_IRQHandler         0x00006fd9   0x62  Code  Gb  isr.o [1]
FTM_PWM_Duty            0x0000623f   0x76  Code  Gb  FTM.o [1]
FTM_PWM_init            0x00005f25  0x31a  Code  Gb  FTM.o [1]
FTMx                    0x1fff0630    0xc  Data  Gb  FTM.o [1]
GPIOx                   0x1fff068c   0x14  Data  Gb  gpio.o [1]
Gyro_Data               0x1fff096c    0x4  Data  Gb  kalman.o [1]
HardFault_Handler       0x00006f15    0x8  Code  Gb  isr.o [1]
LA_num                  0x1fff0864    0x4  Data  Gb  coder.o [1]
LB_num                  0x1fff0868    0x4  Data  Gb  coder.o [1]
LCD_CLS                 0x000005d5   0x3c  Code  Gb  lcd.o [1]
LCD_DLY_ms              0x00000611   0x1c  Code  Gb  lcd.o [1]
LCD_Fill                0x00000595   0x40  Code  Gb  lcd.o [1]
LCD_Init                0x0000062d  0x122  Code  Gb  lcd.o [1]
LCD_P14x16Str           0x000008c5  0x140  Code  Gb  lcd.o [1]
LCD_P6x8Str             0x0000079f   0x7c  Code  Gb  lcd.o [1]
LCD_P8x16Str            0x0000081b   0xaa  Code  Gb  lcd.o [1]
LCD_Print               0x00000a05   0x6a  Code  Gb  lcd.o [1]
LCD_PutPixel            0x0000074f   0x50  Code  Gb  lcd.o [1]
LCD_Set_Pos             0x00000567   0x2e  Code  Gb  lcd.o [1]
LCD_WrCmd               0x000004ed   0x7a  Code  Gb  lcd.o [1]
LCD_WrDat               0x0000046d   0x7e  Code  Gb  lcd.o [1]
LED_init                0x00002a15   0x34  Code  Gb  LED.o [1]
LED_turn                0x00002a67   0x10  Code  Gb  LED.o [1]
Master_Adc_Config       0x1fff0744   0x10  Data  Gb  adc.o [1]
OutData                 0x1fff0970   0x10  Data  Gb  kalman.o [1]
OutData_speed           0x1fff087c   0x10  Data  Gb  coder.o [1]
OutPut_Data             0x00003c13   0xda  Code  Gb  uart_send.o [1]
OutPut_speed_Data       0x00003ced   0xda  Code  Gb  uart_send.o [1]
PIT0_IRQHandler         0x00004f49  0x256  Code  Gb  main.o [1]
PORTA_IRQHandler        0x00006f1f   0x48  Code  Gb  isr.o [1]
PORTB_IRQHandler        0x00006f67   0x70  Code  Gb  isr.o [1]
PORTE_IRQHandler        0x00005aad   0x54  Code  Gb  coder.o [1]
PORTX                   0x1fff06a0   0x14  Data  Gb  gpio.o [1]
PendSV_Handler          0x00006f1d    0x2  Code  Gb  isr.o [1]
Pixel_get               0x1fff0760   0x80  Data  Gb  ccd.o [1]
Pixel_get_divide        0x1fff07e0   0x80  Data  Gb  ccd.o [1]
Pixel_get_now           0x1fff0898   0x80  Data  Gb  direction.o [1]
QingJiao                0x1fff0968    0x4  Data  Gb  kalman.o [1]
RA_num                  0x1fff0870    0x4  Data  Gb  coder.o [1]
RB_num                  0x1fff086c    0x4  Data  Gb  coder.o [1]
Region$$Table$$Base     0x0000743c          --   Gb  - Linker created -
Region$$Table$$Limit    0x00007454          --   Gb  - Linker created -
Reset_Handler           0x00000411         Code  Gb  crt0.o [1]
SysTick_Handler         0x00006f13    0x2  Code  Gb  isr.o [1]
TSL1401_Pixel_divide    0x0000585d   0x40  Code  Gb  ccd.o [1]
TSL1401_Pixel_updata    0x000057a5   0xb8  Code  Gb  ccd.o [1]
TSL1401_output_Pixel    0x00003e1b   0x54  Code  Gb  uart_send.o [1]
TSL1401_output_Pixel_now
                        0x00003e6f   0x54  Code  Gb  uart_send.o [1]
TSL1401_output_data     0x00003dc7   0x54  Code  Gb  uart_send.o [1]
TSL_1401_init           0x0000595d   0x24  Code  Gb  ccd.o [1]
UARTx                   0x1fff072c   0x18  Data  Gb  uart.o [1]
USART1_IRQHandler       0x00006ef1   0x22  Code  Gb  isr.o [1]
__BOOT_STACK_ADDRESS {Abs}
                        0x2000fff8          --   Gb  command line/config [2]
__VECTOR_RAM {Abs}      0x1fff0000          --   Gb  command line/config [2]
__VECTOR_TABLE {Abs}    0x00000000          --   Gb  command line/config [2]
__aeabi_cfcmpeq         0x00006895         Code  Gb  FltCmpEq.o [4]
__aeabi_cfcmple         0x0000395d         Code  Gb  FltCmpLe.o [4]
__aeabi_cfrcmple        0x00003939         Code  Gb  FltCmpGe.o [4]
__aeabi_d2f             0x00002701         Code  Gb  DblToFlt.o [4]
__aeabi_dadd            0x00002619         Code  Gb  DblAdd.o [4]
__aeabi_ddiv            0x00003981         Code  Gb  DblDiv.o [4]
__aeabi_dmul            0x000062fd         Code  Gb  DblMul.o [4]
__aeabi_dsub            0x00002895         Code  Gb  DblSub.o [4]
__aeabi_errno_addr      0x000068bd    0x6  Code  Gb  errno.o [3]
__aeabi_f2d             0x000025c9         Code  Gb  FltToDbl.o [4]
__aeabi_f2iz            0x0000206d         Code  Gb  FltToS32.o [4]
__aeabi_f2uiz           0x000064a1         Code  Gb  FltToU32.o [4]
__aeabi_fadd            0x00002449         Code  Gb  FltAdd.o [4]
__aeabi_fdiv            0x000024cd         Code  Gb  FltDiv.o [4]
__aeabi_fmul            0x00001f95         Code  Gb  FltMul.o [4]
__aeabi_fsub            0x000027ad         Code  Gb  FltSub.o [4]
__aeabi_i2f             0x00002415         Code  Gb  I32ToFlt.o [4]
__aeabi_memclr4         0x00003ee1         Code  Gb  ABImemclr4.o [5]
__aeabi_ui2d            0x000064c5         Code  Gb  I32ToDbl.o [4]
__aeabi_ui2f            0x00002429         Code  Gb  I32ToFlt.o [4]
__cmain                 0x00007649         Code  Gb  cmain.o [5]
__code_start__ {Abs}    0x00000410          --   Gb  command line/config [2]
__exit                  0x00007675   0x14  Code  Gb  exit.o [6]
__iar_Errno             0x1fff0a24    0x4  Data  Gb  errno.o [3]
__iar_Memset4_word      0x0000412d         Code  Gb  ABImemset48.o [5]
__iar_Memset8_word      0x0000412d         Code  Gb  ABImemset48.o [5]
__iar_dadd              0x0000262d         Code  Gb  DblAdd.o [4]
__iar_data_init3        0x000073f1   0x28  Code  Gb  data_init3.o [5]
__iar_dlib_perthread_access
                        0x000068c9    0x2  Code  Gb  xtls.o [3]
__iar_dsub              0x000028a9         Code  Gb  DblSub.o [4]
__iar_dsubStart         0x000028bb         Code  Gb  DblSub.o [4]
__iar_edom              0x000068b1         Code  Gb  iarEdom.o [5]
__iar_fadd              0x00002459         Code  Gb  FltAdd.o [4]
__iar_fsub              0x000027bd         Code  Gb  FltSub.o [4]
__iar_fsubStart         0x000027cd         Code  Gb  FltSub.o [4]
__iar_program_start     0x0000794d         Code  Gb  cstartup_M.o [5]
__iar_sqrt              0x000067a5         Code  Gb  sqrt.o [4]
__iar_ui2d              0x000064c9         Code  Gb  I32ToDbl.o [4]
__iar_ui2f              0x0000242d         Code  Gb  I32ToFlt.o [4]
__iar_zero_init3        0x000023f3   0x22  Code  Gb  zero_init3.o [5]
__low_level_init        0x0000765f    0x4  Code  Gb  low_level_init.o [3]
__vector_table          0x00000000  0x410  Data  Gb  vectors.o [1]
_call_main              0x00007655         Code  Gb  cmain.o [5]
_exit                   0x00007669         Code  Gb  cexit.o [5]
_main                   0x0000765b         Code  Gb  cmain.o [5]
acc_o                   0x1fff06b4    0x4  Data  Gb  kalman.o [1]
acc_speed_zero          0x1fff06bc    0x4  Data  Gb  kalman.o [1]
acc_z_juedui            0x1fff0988    0x4  Data  Gb  kalman.o [1]
acc_zero                0x1fff06b8    0x4  Data  Gb  kalman.o [1]
ad_once                 0x000022e7   0x7e  Code  Gb  adc.o [1]
adc_config_alt          0x000023cd   0x26  Code  Lc  adc.o [1]
adc_init                0x000020b1  0x236  Code  Gb  adc.o [1]
adc_start               0x00002365   0x48  Code  Gb  adc.o [1]
angle_flag              0x1fff0a1c    0x1  Data  Gb  direction.o [1]
angle_num_l             0x1fff0920    0x4  Data  Gb  direction.o [1]
angle_num_r             0x1fff0924    0x4  Data  Gb  direction.o [1]
assert_failed           0x00002791   0x1c  Code  Gb  assert.o [1]
balance_d               0x1fff0648    0x4  Data  Gb  balance.o [1]
balance_i               0x1fff064c    0x4  Data  Gb  balance.o [1]
balance_out             0x00005e69   0xbc  Code  Gb  balance.o [1]
balance_out_l           0x1fff09f4    0x4  Data  Gb  motor.o [1]
balance_out_r           0x1fff09f8    0x4  Data  Gb  motor.o [1]
balance_p               0x1fff0644    0x4  Data  Gb  balance.o [1]
barrier_flag            0x1fff0a1b    0x1  Data  Gb  direction.o [1]
barrier_time            0x1fff091c    0x4  Data  Gb  direction.o [1]
barrier_wide            0x1fff0688    0x4  Data  Gb  direction.o [1]
black_pixel_num         0x1fff0860    0x4  Data  Gb  ccd.o [1]
blackline_flag          0x1fff0a1a    0x1  Data  Gb  direction.o [1]
bus_clk_khz             0x1fff0a14    0x4  Data  Gb  sysinit.o [1]
change_parameter        0x00001be5  0x14a  Code  Gb  lcd.o [1]
coder_intergral         0x1fff0894    0x4  Data  Gb  direction.o [1]
coder_intergral_flag    0x1fff0a18    0x1  Data  Gb  direction.o [1]
coder_intergral_l       0x1fff088c    0x4  Data  Gb  direction.o [1]
coder_intergral_r       0x1fff0890    0x4  Data  Gb  direction.o [1]
common_startup          0x00004ca9   0xc0  Code  Gb  startup.o [1]
core_clk_khz            0x1fff0a0c    0x4  Data  Gb  sysinit.o [1]
core_clk_mhz            0x1fff0a10    0x4  Data  Gb  sysinit.o [1]
count_init              0x1fff0928   0x40  Data  Gb  dma.o [1]
cpu_identify            0x0000487f  0x20a  Code  Gb  start.o [1]
data_num                0x1fff09a8    0x4  Data  Gb  lcd.o [1]
data_read               0x00000ef3  0x156  Code  Gb  lcd.o [1]
data_show               0x00001365  0x478  Code  Gb  lcd.o [1]
data_test_init          0x0000120d   0x50  Code  Gb  lcd.o [1]
data_write              0x00001065  0x192  Code  Gb  lcd.o [1]
default_isr             0x00007515   0x20  Code  Gb  vectors.o [1]
delay                   0x00003035    0xc  Code  Gb  delay.o [1]
delay_ccd               0x00005795   0x10  Code  Gb  ccd.o [1]
delayms                 0x00003041   0x1e  Code  Gb  delay.o [1]
dip_key_get             0x00000aa3  0x134  Code  Gb  lcd.o [1]
dip_key_init            0x00000a6f   0x34  Code  Gb  lcd.o [1]
direct_gyro             0x1fff0918    0x4  Data  Gb  direction.o [1]
direct_gyro_zero        0x1fff09d0    0x4  Data  Gb  main.o [1]
direction_d             0x1fff0664    0x4  Data  Gb  direction.o [1]
direction_d_flash       0x1fff066c    0x4  Data  Gb  direction.o [1]
direction_d_s           0x1fff0684    0x4  Data  Gb  direction.o [1]
direction_out           0x00003085  0x8b4  Code  Gb  direction.o [1]
direction_out_l         0x1fff09fc    0x4  Data  Gb  motor.o [1]
direction_out_r         0x1fff0a00    0x4  Data  Gb  motor.o [1]
direction_p             0x1fff0660    0x4  Data  Gb  direction.o [1]
direction_p_flash       0x1fff0668    0x4  Data  Gb  direction.o [1]
direction_p_s           0x1fff0680    0x4  Data  Gb  direction.o [1]
display_flag            0x1fff0714    0x1  Data  Gb  main.o [1]
enable_irq              0x0000522b   0x94  Code  Gb  arm_cm4.o [1]
exit                    0x00007663    0x4  Code  Gb  exit.o [3]
exti_init               0x000064e1   0x6c  Code  Gb  exti.o [1]
flag                    0x1fff09d4    0x4  Data  Gb  main.o [1]
flash_cmd_launch        0x1fff0419   0x20  Code  Lc  flash.o [1]
flash_data              0x1fff06c0   0x40  Data  Lc  lcd.o [1]
flash_erase_sector      0x1fff0461   0x7c  Code  Gb  flash.o [1]
flash_identify          0x00004a89   0xbe  Code  Gb  start.o [1]
flash_init              0x1fff0439   0x28  Code  Gb  flash.o [1]
flash_read              0x1fff05b1   0x2e  Code  Gb  flash.o [1]
flash_write_buf         0x1fff04dd   0xa2  Code  Gb  flash.o [1]
gpio_get                0x00001f61   0x26  Code  Gb  gpio.o [1]
gpio_init               0x00001e21   0xb6  Code  Gb  gpio.o [1]
gpio_set                0x00001ed7   0x5a  Code  Gb  gpio.o [1]
gpio_turn               0x00001f31   0x30  Code  Gb  gpio.o [1]
gyro_rate               0x1fff0980    0x4  Data  Gb  kalman.o [1]
gyro_zero               0x1fff09c4    0x4  Data  Gb  main.o [1]
i                       0x1fff09c0    0x4  Data  Gb  main.o [1]
infrare_en              0x1fff09dc    0x4  Data  Gb  main.o [1]
infrare_flag            0x1fff09e0    0x4  Data  Gb  main.o [1]
infrare_num             0x1fff09e8    0x4  Data  Gb  main.o [1]
infrared_init           0x00005981   0x30  Code  Gb  infrared.o [1]
kalman_out_data_intergral
                        0x1fff0754    0x4  Data  Gb  balance.o [1]
kalman_update           0x00005b95  0x214  Code  Gb  kalman.o [1]
layer                   0x1fff0a21    0x1  Data  Lc  lcd.o [1]
led                     0x00002a49   0x1e  Code  Gb  LED.o [1]
main                    0x00004dc5  0x184  Code  Gb  main.o [1]
main_table_show         0x0000125d   0xf6  Code  Gb  lcd.o [1]
mcg_div                 0x1fff0718    0x8  Data  Gb  mcg.o [1]
memary_control          0x000017e1   0xd6  Code  Gb  lcd.o [1]
memary_data_read        0x00001a95  0x146  Code  Gb  lcd.o [1]
memary_set              0x000018c1  0x10c  Code  Gb  lcd.o [1]
memry_data_write        0x000019d5   0xb6  Code  Gb  lcd.o [1]
mid                     0x1fff0654    0x4  Data  Gb  direction.o [1]
mid_now                 0x1fff0658    0x4  Data  Gb  direction.o [1]
mode_set                0x1fff0998    0x4  Data  Gb  lcd.o [1]
motor_control           0x0000562d  0x140  Code  Gb  motor.o [1]
motor_init              0x000055dd   0x50  Code  Gb  motor.o [1]
out_char                0x0000781d   0x10  Code  Gb  io.o [1]
percentage              0x1fff0650    0x4  Data  Gb  ccd.o [1]
pit_init                0x00005b25   0x62  Code  Gb  PIT.o [1]
pll_init                0x000052e9  0x2f4  Code  Gb  mcg.o [1]
power                   0x1fff0984    0x4  Data  Gb  kalman.o [1]
printf                  0x0000300b   0x26  Code  Gb  printf.o [1]
printk                  0x00002c01  0x40a  Code  Gb  printf.o [1]
printk_mknumstr         0x00002b0b   0xaa  Code  Lc  printf.o [1]
printk_pad_space        0x00002bdb   0x26  Code  Lc  printf.o [1]
printk_pad_zero         0x00002bb5   0x26  Code  Lc  printf.o [1]
printk_putc             0x00002ad9   0x32  Code  Lc  printf.o [1]
range                   0x1fff067c    0x4  Data  Gb  direction.o [1]
ready                   0x1fff0728    0x4  Data  Gb  speed.o [1]
run_stop                0x1fff09e4    0x4  Data  Gb  main.o [1]
set_sys_dividers        0x1fff05e1   0x50  Code  Gb  mcg.o [1]
show_num                0x00000d3b   0x8c  Code  Gb  lcd.o [1]
show_num_divide         0x00000c6f   0xcc  Code  Gb  lcd.o [1]
show_power              0x00000dc7   0xf0  Code  Gb  lcd.o [1]
single_flag             0x1fff0a1d    0x1  Data  Gb  direction.o [1]
speed                   0x1fff0710    0x4  Data  Gb  main.o [1]
speed_angle             0x1fff0678    0x4  Data  Gb  direction.o [1]
speed_ave               0x1fff09cc    0x4  Data  Gb  main.o [1]
speed_coder_get         0x000059e9   0xc4  Code  Gb  coder.o [1]
speed_coder_init        0x000059b1   0x38  Code  Gb  coder.o [1]
speed_coder_l           0x1fff0878    0x4  Data  Gb  coder.o [1]
speed_coder_r           0x1fff0874    0x4  Data  Gb  coder.o [1]
speed_goal              0x1fff09c8    0x4  Data  Gb  main.o [1]
speed_intergral         0x1fff0a08    0x4  Data  Gb  speed.o [1]
speed_out               0x00005da9   0xc0  Code  Gb  speed.o [1]
speed_out_data          0x1fff0a04    0x4  Data  Gb  motor.o [1]
speed_p                 0x1fff0720    0x4  Data  Gb  speed.o [1]
speed_p_flash           0x1fff0724    0x4  Data  Gb  speed.o [1]
sqrt                    0x000067a5         Code  Gb  sqrt.o [4]
sqrtl                   0x000067a5         Code  Gb  sqrt.o [4]
start                   0x00004751  0x12e  Code  Gb  start.o [1]
strlen                  0x00003065   0x20  Code  Gb  stdlib.o [1]
sysinit                 0x00004d69   0x48  Code  Gb  sysinit.o [1]
threshold               0x1fff0758    0x4  Data  Gb  ccd.o [1]
threshold_beitai        0x1fff075c    0x4  Data  Gb  ccd.o [1]
threshold_get           0x0000589d   0xa0  Code  Gb  ccd.o [1]
time                    0x1fff09b0    0x4  Data  Lc  main.o [1]
time1                   0x1fff09b4    0x4  Data  Lc  main.o [1]
time2                   0x1fff09b8    0x4  Data  Lc  main.o [1]
time3                   0x1fff09bc    0x4  Data  Lc  main.o [1]
trans_flag              0x1fff0a22    0x1  Data  Gb  main.o [1]
uart_getchar            0x00004099   0x1a  Code  Gb  uart.o [1]
uart_init               0x00003ee9  0x1b0  Code  Gb  uart.o [1]
uart_putchar            0x000040b3   0x1a  Code  Gb  uart.o [1]
uart_sendStr            0x000040cd   0x1c  Code  Gb  uart.o [1]
water_lights            0x00002a77   0x5c  Code  Gb  LED.o [1]
wdog_disable            0x00004c71   0x16  Code  Gb  wdog.o [1]
wdog_unlock             0x00004c89   0x16  Code  Gb  wdog.o [1]
wide                    0x1fff065c    0x4  Data  Gb  direction.o [1]
wide_old                0x1fff0670    0x4  Data  Gb  direction.o [1]
wide_old_old            0x1fff0674    0x4  Data  Gb  direction.o [1]
write_vtor              0x00005225    0x6  Code  Gb  arm_cm4.o [1]
xianshi                 0x1fff09d8    0x4  Data  Gb  main.o [1]
xzbm_scan               0x00000bd7   0x98  Code  Gb  lcd.o [1]
yuansu_flag             0x1fff0a19    0x1  Data  Gb  direction.o [1]


[1] = J:\liu_bottom77\build\fire_demo\Debug\Obj
[2] = command line
[3] = dl7M_tln.a
[4] = m7M_tl.a
[5] = rt7M_tl.a
[6] = shb_l.a

  24 792 bytes of readonly  code memory
     544 bytes of readwrite code memory
   6 400 bytes of readonly  data memory
   1 015 bytes of readwrite data memory

Errors: none
Warnings: none
