###############################################################################
#                                                                             #
# IAR ELF Linker V6.40.1.53790/W32 for ARM              09/Apr/2015  19:20:30 #
# Copyright 2007-2012 IAR Systems AB.                                         #
#                                                                             #
#    Output file  =  E:\k60bottom\liu_bottom9\build\fire_demo\Release\Exe\fir #
#                    e_gpio_demo.out                                          #
#    Map file     =  E:\k60bottom\liu_bottom9\build\fire_demo\Release\List\fi #
#                    re_gpio_demo.map                                         #
#    Command line =  E:\k60bottom\liu_bottom9\build\fire_demo\Release\Obj\AT2 #
#                    4C02.o E:\k60bottom\liu_bottom9\build\fire_demo\Release\ #
#                    Obj\BSP.o E:\k60bottom\liu_bottom9\build\fire_demo\Relea #
#                    se\Obj\FTM.o E:\k60bottom\liu_bottom9\build\fire_demo\Re #
#                    lease\Obj\LED.o E:\k60bottom\liu_bottom9\build\fire_demo #
#                    \Release\Obj\PIT.o E:\k60bottom\liu_bottom9\build\fire_d #
#                    emo\Release\Obj\adc.o E:\k60bottom\liu_bottom9\build\fir #
#                    e_demo\Release\Obj\alloc.o E:\k60bottom\liu_bottom9\buil #
#                    d\fire_demo\Release\Obj\app.o                            #
#                    E:\k60bottom\liu_bottom9\build\fire_demo\Release\Obj\app #
#                    _hooks.o E:\k60bottom\liu_bottom9\build\fire_demo\Releas #
#                    e\Obj\arm_cm4.o E:\k60bottom\liu_bottom9\build\fire_demo #
#                    \Release\Obj\assert.o E:\k60bottom\liu_bottom9\build\fir #
#                    e_demo\Release\Obj\balance.o                             #
#                    E:\k60bottom\liu_bottom9\build\fire_demo\Release\Obj\ccd #
#                    .o E:\k60bottom\liu_bottom9\build\fire_demo\Release\Obj\ #
#                    crt0.o E:\k60bottom\liu_bottom9\build\fire_demo\Release\ #
#                    Obj\delay.o E:\k60bottom\liu_bottom9\build\fire_demo\Rel #
#                    ease\Obj\exti.o E:\k60bottom\liu_bottom9\build\fire_demo #
#                    \Release\Obj\gpio.o E:\k60bottom\liu_bottom9\build\fire_ #
#                    demo\Release\Obj\i2c.o E:\k60bottom\liu_bottom9\build\fi #
#                    re_demo\Release\Obj\io.o E:\k60bottom\liu_bottom9\build\ #
#                    fire_demo\Release\Obj\isr.o                              #
#                    E:\k60bottom\liu_bottom9\build\fire_demo\Release\Obj\kal #
#                    man.o E:\k60bottom\liu_bottom9\build\fire_demo\Release\O #
#                    bj\lptmr.o E:\k60bottom\liu_bottom9\build\fire_demo\Rele #
#                    ase\Obj\main.o E:\k60bottom\liu_bottom9\build\fire_demo\ #
#                    Release\Obj\mcg.o E:\k60bottom\liu_bottom9\build\fire_de #
#                    mo\Release\Obj\memtest.o E:\k60bottom\liu_bottom9\build\ #
#                    fire_demo\Release\Obj\motor.o                            #
#                    E:\k60bottom\liu_bottom9\build\fire_demo\Release\Obj\os_ #
#                    core.o E:\k60bottom\liu_bottom9\build\fire_demo\Release\ #
#                    Obj\os_cpu_a.o E:\k60bottom\liu_bottom9\build\fire_demo\ #
#                    Release\Obj\os_cpu_c.o E:\k60bottom\liu_bottom9\build\fi #
#                    re_demo\Release\Obj\os_dbg.o                             #
#                    E:\k60bottom\liu_bottom9\build\fire_demo\Release\Obj\os_ #
#                    flag.o E:\k60bottom\liu_bottom9\build\fire_demo\Release\ #
#                    Obj\os_mbox.o E:\k60bottom\liu_bottom9\build\fire_demo\R #
#                    elease\Obj\os_mem.o E:\k60bottom\liu_bottom9\build\fire_ #
#                    demo\Release\Obj\os_mutex.o                              #
#                    E:\k60bottom\liu_bottom9\build\fire_demo\Release\Obj\os_ #
#                    q.o E:\k60bottom\liu_bottom9\build\fire_demo\Release\Obj #
#                    \os_sem.o E:\k60bottom\liu_bottom9\build\fire_demo\Relea #
#                    se\Obj\os_task.o E:\k60bottom\liu_bottom9\build\fire_dem #
#                    o\Release\Obj\os_time.o E:\k60bottom\liu_bottom9\build\f #
#                    ire_demo\Release\Obj\os_tmr.o                            #
#                    E:\k60bottom\liu_bottom9\build\fire_demo\Release\Obj\pri #
#                    ntf.o E:\k60bottom\liu_bottom9\build\fire_demo\Release\O #
#                    bj\queue.o E:\k60bottom\liu_bottom9\build\fire_demo\Rele #
#                    ase\Obj\speed.o E:\k60bottom\liu_bottom9\build\fire_demo #
#                    \Release\Obj\start.o E:\k60bottom\liu_bottom9\build\fire #
#                    _demo\Release\Obj\startup.o                              #
#                    E:\k60bottom\liu_bottom9\build\fire_demo\Release\Obj\std #
#                    lib.o E:\k60bottom\liu_bottom9\build\fire_demo\Release\O #
#                    bj\sysinit.o E:\k60bottom\liu_bottom9\build\fire_demo\Re #
#                    lease\Obj\uart.o E:\k60bottom\liu_bottom9\build\fire_dem #
#                    o\Release\Obj\uart_send.o E:\k60bottom\liu_bottom9\build #
#                    \fire_demo\Release\Obj\uif.o                             #
#                    E:\k60bottom\liu_bottom9\build\fire_demo\Release\Obj\vec #
#                    tors.o E:\k60bottom\liu_bottom9\build\fire_demo\Release\ #
#                    Obj\wdog.o E:\k60bottom\liu_bottom9\src\LIB\CMSIS\iar_co #
#                    rtexM4l_math.a -o E:\k60bottom\liu_bottom9\build\fire_de #
#                    mo\Release\Exe\fire_gpio_demo.out --map                  #
#                    E:\k60bottom\liu_bottom9\build\fire_demo\Release\List\fi #
#                    re_gpio_demo.map --config "E:\k60bottom\liu_bottom9\buil #
#                    d\fire_demo\..\config files\fire_ROM_K60N512.icf"        #
#                    --semihosting --entry __iar_program_start --inline --vfe #
#                                                                             #
#                                                                             #
###############################################################################

*******************************************************************************
*** RUNTIME MODEL ATTRIBUTES
***

CppFlavor       = *
__SystemLibrary = DLib


*******************************************************************************
*** PLACEMENT SUMMARY
***

"A1":  place at 0x00000000 { ro section .intvec };
"A2":  place at 0x00000410 { ro section .noinit };
"P1":  place in [from 0x00000000 to 0x00040000] { ro, block CodeRelocate };
"P2":  place in [from 0x1fff0410 to 0x20010000] {
          rw, block CodeRelocateRam, block CSTACK, block HEAP };

  Section              Kind        Address    Size  Object
  -------              ----        -------    ----  ------
"A1":                                        0x410
  .intvec              const    0x00000000   0x410  vectors.o [1]
                              - 0x00000410   0x410

"A2":                                         0x3c
  .noinit              ro code  0x00000410    0x3c  crt0.o [1]
                              - 0x0000044c    0x3c

"P1":                                       0x2248
  .text                ro code  0x0000044c   0x404  printf.o [1]
  .text                ro code  0x00000850    0x14  stdlib.o [1]
  .text                ro code  0x00000864   0x1bc  FTM.o [1]
  .text                ro code  0x00000a20   0x1bc  adc.o [1]
  Veneer               ro code  0x00000bdc     0x8  - Linker created -
  .text                ro code  0x00000be4   0x1bc  mcg.o [1]
  .text                ro code  0x00000da0   0x1a8  kalman.o [1]
  .text                ro code  0x00000f48    0x1e  I32ToFlt.o [4]
  .text                ro code  0x00000f66    0x22  zero_init3.o [5]
  .text                ro code  0x00000f88    0x24  FltCmpGe.o [4]
  .text                ro code  0x00000fac    0x24  FltCmpLe.o [4]
  .text                ro code  0x00000fd0    0xe6  FltSub.o [4]
  .text                ro code  0x000010b8    0x4e  FltToDbl.o [4]
  .text                ro code  0x00001108   0x1a2  DblMul.o [4]
  .text                ro code  0x000012ac    0xe8  DblAdd.o [4]
  .text                ro code  0x00001394    0x90  DblToFlt.o [4]
  .text                ro code  0x00001424    0x84  FltAdd.o [4]
  .text                ro code  0x000014a8    0xd8  FltMul.o [4]
  .text                ro code  0x00001580    0xf0  sqrt.o [4]
  .text                ro code  0x00001670    0xfc  FltDiv.o [4]
  .text                ro code  0x0000176c   0x11c  uart_send.o [1]
  .text                ro code  0x00001888   0x16c  DblSub.o [4]
  .text                ro code  0x000019f4     0xc  iarEdom.o [5]
  .text                ro code  0x00001a00    0x44  FltToS32.o [4]
  .text                ro code  0x00001a44   0x168  uart.o [1]
  .text                ro code  0x00001bac     0xc  errno.o [3]
  .text                ro code  0x00001bb8     0x2  xtls.o [3]
  .text                ro code  0x00001bbc   0x140  motor.o [1]
  .text                ro code  0x00001cfc    0x8c  gpio.o [1]
  .text                ro code  0x00001d88    0x24  FltToU32.o [4]
  .text                ro code  0x00001dac   0x124  main.o [1]
  .text                ro code  0x00001ed0    0xe6  ccd.o [1]
  .text                ro code  0x00001fb8    0x44  PIT.o [1]
  .text                ro code  0x00001ffc    0x84  balance.o [1]
  .text                ro code  0x00002080    0xa8  arm_cm4.o [1]
  .text                ro code  0x00002128   0x104  isr.o [1]
  .text                ro code  0x0000222c    0xf0  LED.o [1]
  .text                ro code  0x0000231c    0x18  delay.o [1]
  .text                ro code  0x00002334    0x76  ABImemcpy.o [5]
  .text                ro code  0x000023ac    0x70  startup.o [1]
  .text                ro code  0x0000241c     0x6  ABImemclr.o [5]
  .text                ro code  0x00002424    0x5e  ABImemset.o [5]
  .data_init                    0x00002484    0x6c  <Block>
    Initializer bytes  ro data  0x00002484    0x6c  <for .data-1>
  .text                ro code  0x000024f0    0x50  vectors.o [1]
  .text                ro code  0x00002540    0x44  sysinit.o [1]
  CodeRelocate                  0x00002584    0x3c  <Block>
    Initializer bytes  ro data  0x00002584    0x3c  <for CodeRelocateRam-1>
  .text                ro code  0x000025c0    0x30  wdog.o [1]
  .text                ro code  0x000025f0    0x28  data_init3.o [5]
  .iar.init_table      const    0x00002618    0x18  - Linker created -
  .text                ro code  0x00002630    0x16  cmain.o [5]
  .text                ro code  0x00002646     0x4  exit.o [3]
  .text                ro code  0x0000264c     0xa  cexit.o [5]
  .text                ro code  0x00002658    0x14  exit.o [6]
  .text                ro code  0x0000266c    0x14  start.o [1]
  .text                ro code  0x00002680     0xc  cstartup_M.o [5]
  .text                ro code  0x0000268c     0x8  io.o [1]
  .rodata              const    0x00002694     0x0  zero_init3.o [5]
                              - 0x00002694  0x2248

"P2", part 1 of 3:                            0xa8
  .data                         0x1fff0410    0x6c  <Block>
    .data-1                     0x1fff0410    0x6c  <Init block>
      .data            inited   0x1fff0410     0xc  FTM.o [1]
      .data            inited   0x1fff041c    0x18  adc.o [1]
      .data            inited   0x1fff0434    0x28  gpio.o [1]
      .data            inited   0x1fff045c     0x8  mcg.o [1]
      .data            inited   0x1fff0464    0x18  uart.o [1]
  CodeRelocateRam               0x1fff047c    0x3c  <Block>
    CodeRelocateRam-1           0x1fff047c    0x3c  <Init block>
      .textrw          inited   0x1fff047c    0x3c  mcg.o [1]
                              - 0x1fff04b8    0xa8

"P2", part 2 of 3:                            0xf0
  .bss                          0x1fff04b8    0xf0  <Block>
    .bss               zero     0x1fff04b8    0x80  ccd.o [1]
    .bss               zero     0x1fff0538    0x28  kalman.o [1]
    .bss               zero     0x1fff0560    0x10  main.o [1]
    .bss               zero     0x1fff0570     0x4  main.o [1]
    .bss               zero     0x1fff0574    0x28  motor.o [1]
    .bss               zero     0x1fff059c     0xc  sysinit.o [1]
                              - 0x1fff05a8    0xf0

"P2", part 3 of 3:                             0x4
  __DLIB_PERTHREAD     zero     0x1fff05a8     0x4  errno.o [3]
                              - 0x1fff05ac     0x4


*******************************************************************************
*** INIT TABLE
***

          Address     Size
          -------     ----
Zero (__iar_zero_init3)
    2 destination ranges, total size 0xf4:
          0x1fff04b8  0xf0
          0x1fff05a8   0x4



*******************************************************************************
*** MODULE SUMMARY
***

    Module          ro code  rw code  ro data  rw data
    ------          -------  -------  -------  -------
E:\k60bottom\liu_bottom9\build\fire_demo\Release\Obj: [1]
    FTM.o               444                12       12
    LED.o               240
    PIT.o                68
    adc.o               444                24       24
    arm_cm4.o           168
    balance.o           132
    ccd.o               230                        128
    crt0.o               60
    delay.o              24
    gpio.o              140                40       40
    io.o                  8
    isr.o               260
    kalman.o            424                         40
    main.o              292                         20
    mcg.o               444       60       68        8
    motor.o             320                         40
    printf.o          1 028
    start.o              20
    startup.o           112
    stdlib.o             20
    sysinit.o            68                         12
    uart.o              360                24       24
    uart_send.o         284
    vectors.o            80             1 040
    wdog.o               48
    --------------------------------------------------
    Total:            5 718       60    1 208      348

command line: [2]
    --------------------------------------------------
    Total:

dl7M_tln.a: [3]
    errno.o              12                          4
    exit.o                4
    xtls.o                2
    --------------------------------------------------
    Total:               18                          4

m7M_tl.a: [4]
    DblAdd.o            232
    DblMul.o            418
    DblSub.o            364
    DblToFlt.o          144
    FltAdd.o            132
    FltCmpGe.o           36
    FltCmpLe.o           36
    FltDiv.o            252
    FltMul.o            216
    FltSub.o            230
    FltToDbl.o           78
    FltToS32.o           68
    FltToU32.o           36
    I32ToFlt.o           30
    sqrt.o              240
    --------------------------------------------------
    Total:            2 512

rt7M_tl.a: [5]
    ABImemclr.o           6
    ABImemcpy.o         118
    ABImemset.o          94
    cexit.o              10
    cmain.o              22
    cstartup_M.o         12
    data_init3.o         40
    iarEdom.o            12
    zero_init3.o         34
    --------------------------------------------------
    Total:              348

shb_l.a: [6]
    exit.o               20
    --------------------------------------------------
    Total:               20

    Gaps                 18
    Linker created        8                24
------------------------------------------------------
    Grand Total:      8 642       60    1 232      352


*******************************************************************************
*** ENTRY LIST
***

Entry                      Address   Size  Type      Object
-----                      -------   ----  ----      ------
.bss$$Base              0x1fff04b8          --   Gb  - Linker created -
.bss$$Limit             0x1fff05a8          --   Gb  - Linker created -
.data$$Base             0x1fff0410          --   Gb  - Linker created -
.data$$Limit            0x1fff047c          --   Gb  - Linker created -
.data_init$$Base        0x00002484          --   Gb  - Linker created -
.data_init$$Limit       0x000024f0          --   Gb  - Linker created -
?main                   0x00002631         Code  Gb  cmain.o [5]
ADCx                    0x1fff042c    0x8  Data  Gb  adc.o [1]
CRC_CHECK               0x0000176d   0x30  Code  Gb  uart_send.o [1]
CodeRelocate$$Base      0x00002584          --   Gb  - Linker created -
CodeRelocate$$Limit     0x000025c0          --   Gb  - Linker created -
CodeRelocateRam$$Base   0x1fff047c          --   Gb  - Linker created -
CodeRelocateRam$$Limit  0x1fff04b8          --   Gb  - Linker created -
FTM0_IRQHandler         0x000021a9    0x2  Code  Gb  isr.o [1]
FTM1_IRQHandler         0x000021ab   0x32  Code  Gb  isr.o [1]
FTM_PWM_Duty            0x000009ed   0x1a  Code  Gb  FTM.o [1]
FTM_PWM_init            0x00000865  0x188  Code  Gb  FTM.o [1]
FTMx                    0x1fff0410    0xc  Data  Gb  FTM.o [1]
GPIOx                   0x1fff0434   0x14  Data  Gb  gpio.o [1]
Gyro_Data               0x1fff054c    0x4  Data  Gb  kalman.o [1]
Gyro_intergral          0x1fff0550    0x4  Data  Gb  kalman.o [1]
HardFault_Handler       0x0000214d    0xc  Code  Gb  isr.o [1]
LED_init                0x0000222d   0x36  Code  Gb  LED.o [1]
LED_turn                0x00002283    0x8  Code  Gb  LED.o [1]
Master_Adc_Config       0x1fff041c   0x10  Data  Gb  adc.o [1]
OutData                 0x1fff0538   0x10  Data  Gb  kalman.o [1]
OutPut_Data             0x0000179d   0xa0  Code  Gb  uart_send.o [1]
PIT0_IRQHandler         0x00001dfd   0xbe  Code  Gb  main.o [1]
PORTA_IRQHandler        0x0000215b   0x26  Code  Gb  isr.o [1]
PORTB_IRQHandler        0x00002181   0x28  Code  Gb  isr.o [1]
PORTX                   0x1fff0448   0x14  Data  Gb  gpio.o [1]
PendSV_Handler          0x00002159    0x2  Code  Gb  isr.o [1]
Pixel_get               0x1fff04b8   0x80  Data  Gb  ccd.o [1]
QingJiao                0x1fff0548    0x4  Data  Gb  kalman.o [1]
Region$$Table$$Base     0x00002618          --   Gb  - Linker created -
Region$$Table$$Limit    0x00002630          --   Gb  - Linker created -
Reset_Handler           0x00000411         Code  Gb  crt0.o [1]
SysTick_Handler         0x0000214b    0x2  Code  Gb  isr.o [1]
TSL1401_Pixel_updata    0x00001edb   0xb0  Code  Gb  ccd.o [1]
TSL1401_output_data     0x0000183d   0x42  Code  Gb  uart_send.o [1]
TSL_1401_init           0x00001f91   0x26  Code  Gb  ccd.o [1]
UARTx                   0x1fff0464   0x18  Data  Gb  uart.o [1]
USART1_IRQHandler       0x00002129   0x22  Code  Gb  isr.o [1]
__BOOT_STACK_ADDRESS {Abs}
                        0x2000fff8          --   Gb  command line/config [2]
__VECTOR_RAM {Abs}      0x1fff0000          --   Gb  command line/config [2]
__VECTOR_TABLE {Abs}    0x00000000          --   Gb  command line/config [2]
__aeabi_cfcmple         0x00000fad         Code  Gb  FltCmpLe.o [4]
__aeabi_cfrcmple        0x00000f89         Code  Gb  FltCmpGe.o [4]
__aeabi_d2f             0x00001395         Code  Gb  DblToFlt.o [4]
__aeabi_dadd            0x000012ad         Code  Gb  DblAdd.o [4]
__aeabi_dmul            0x00001109         Code  Gb  DblMul.o [4]
__aeabi_errno_addr      0x00001bad    0x6  Code  Gb  errno.o [3]
__aeabi_f2d             0x000010b9         Code  Gb  FltToDbl.o [4]
__aeabi_f2iz            0x00001a01         Code  Gb  FltToS32.o [4]
__aeabi_f2uiz           0x00001d89         Code  Gb  FltToU32.o [4]
__aeabi_fadd            0x00001425         Code  Gb  FltAdd.o [4]
__aeabi_fdiv            0x00001671         Code  Gb  FltDiv.o [4]
__aeabi_fmul            0x000014a9         Code  Gb  FltMul.o [4]
__aeabi_fsub            0x00000fd1         Code  Gb  FltSub.o [4]
__aeabi_memclr          0x0000241d         Code  Gb  ABImemclr.o [5]
__aeabi_memcpy          0x00002335         Code  Gb  ABImemcpy.o [5]
__aeabi_memcpy4         0x00002355         Code  Gb  ABImemcpy.o [5]
__aeabi_memcpy8         0x00002355         Code  Gb  ABImemcpy.o [5]
__aeabi_ui2f            0x00000f49         Code  Gb  I32ToFlt.o [4]
__cmain                 0x00002631         Code  Gb  cmain.o [5]
__code_start__ {Abs}    0x00000410          --   Gb  command line/config [2]
__exit                  0x00002659   0x14  Code  Gb  exit.o [6]
__iar_Errno             0x1fff05a8    0x4  Data  Gb  errno.o [3]
__iar_Memset_word       0x00002425         Code  Gb  ABImemset.o [5]
__iar_dadd              0x000012c1         Code  Gb  DblAdd.o [4]
__iar_data_init3        0x000025f1   0x28  Code  Gb  data_init3.o [5]
__iar_dlib_perthread_access
                        0x00001bb9    0x2  Code  Gb  xtls.o [3]
__iar_dsub              0x00001889         Code  Gb  DblSub.o [4]
__iar_dsubStart         0x0000189b         Code  Gb  DblSub.o [4]
__iar_edom              0x000019f5         Code  Gb  iarEdom.o [5]
__iar_fadd              0x00001435         Code  Gb  FltAdd.o [4]
__iar_fsub              0x00000fe1         Code  Gb  FltSub.o [4]
__iar_fsubStart         0x00000ff1         Code  Gb  FltSub.o [4]
__iar_program_start     0x00002681         Code  Gb  cstartup_M.o [5]
__iar_sqrt              0x00001581         Code  Gb  sqrt.o [4]
__iar_ui2f              0x00000f4d         Code  Gb  I32ToFlt.o [4]
__iar_zero_init3        0x00000f67   0x22  Code  Gb  zero_init3.o [5]
__vector_table          0x00000000  0x410  Data  Gb  vectors.o [1]
_call_main              0x0000263d         Code  Gb  cmain.o [5]
_exit                   0x0000264d         Code  Gb  cexit.o [5]
_main                   0x00002643         Code  Gb  cmain.o [5]
ad_once                 0x00000b4b   0x2c  Code  Gb  adc.o [1]
adc_init                0x00000a21  0x12a  Code  Gb  adc.o [1]
adc_start               0x00000b77   0x58  Code  Gb  adc.o [1]
balance_out             0x00001ffd   0x84  Code  Gb  balance.o [1]
balance_out_l           0x1fff0584    0x4  Data  Gb  motor.o [1]
balance_out_r           0x1fff0588    0x4  Data  Gb  motor.o [1]
bus_clk_khz             0x1fff05a4    0x4  Data  Gb  sysinit.o [1]
common_startup          0x000023ad   0x70  Code  Gb  startup.o [1]
control_l               0x1fff0574    0x4  Data  Gb  motor.o [1]
control_r               0x1fff0578    0x4  Data  Gb  motor.o [1]
core_clk_khz            0x1fff059c    0x4  Data  Gb  sysinit.o [1]
core_clk_mhz            0x1fff05a0    0x4  Data  Gb  sysinit.o [1]
default_isr             0x000024f1   0x1a  Code  Gb  vectors.o [1]
delay_ccd               0x00001ed1    0xa  Code  Gb  ccd.o [1]
delayms                 0x0000231d   0x14  Code  Gb  delay.o [1]
direction_out_l         0x1fff0594    0x4  Data  Gb  motor.o [1]
direction_out_r         0x1fff0598    0x4  Data  Gb  motor.o [1]
enable_irq              0x00002087   0x5e  Code  Gb  arm_cm4.o [1]
exit                    0x00002647    0x4  Code  Gb  exit.o [3]
flag                    0x1fff0564    0x4  Data  Gb  main.o [1]
gpio_init               0x00001cfd   0x56  Code  Gb  gpio.o [1]
gpio_set                0x00001d53   0x1c  Code  Gb  gpio.o [1]
gpio_turn               0x00001d6f   0x14  Code  Gb  gpio.o [1]
gyro_rate               0x1fff0554    0x4  Data  Gb  kalman.o [1]
gyro_zero               0x1fff056c    0x4  Data  Gb  main.o [1]
i                       0x1fff0568    0x4  Data  Gb  main.o [1]
kalman_update           0x00000da1  0x1a8  Code  Gb  kalman.o [1]
led                     0x00002263   0x20  Code  Gb  LED.o [1]
main                    0x00001dad   0x50  Code  Gb  main.o [1]
mcg_div                 0x1fff045c    0x8  Data  Gb  mcg.o [1]
motor_control           0x00001c0f   0xdc  Code  Gb  motor.o [1]
motor_control_l         0x1fff057c    0x4  Data  Gb  motor.o [1]
motor_control_r         0x1fff0580    0x4  Data  Gb  motor.o [1]
motor_init              0x00001bbd   0x52  Code  Gb  motor.o [1]
out_char                0x0000268d    0x8  Code  Gb  io.o [1]
pit_init                0x00001fb9   0x14  Code  Gb  PIT.o [1]
pll_init                0x00000be5  0x1bc  Code  Gb  mcg.o [1]
printf                  0x0000082d   0x1e  Code  Gb  printf.o [1]
printk                  0x000004db  0x352  Code  Gb  printf.o [1]
printk_mknumstr         0x00000477   0x64  Code  Lc  printf.o [1]
printk_putc             0x0000044d   0x2a  Code  Lc  printf.o [1]
set_sys_dividers        0x1fff047d   0x3c  Code  Gb  mcg.o [1]
speed_out_l             0x1fff058c    0x4  Data  Gb  motor.o [1]
speed_out_r             0x1fff0590    0x4  Data  Gb  motor.o [1]
sqrt                    0x00001581         Code  Gb  sqrt.o [4]
sqrtl                   0x00001581         Code  Gb  sqrt.o [4]
start                   0x0000266d   0x12  Code  Gb  start.o [1]
strlen                  0x00000851   0x14  Code  Gb  stdlib.o [1]
sysinit                 0x00002541   0x3c  Code  Gb  sysinit.o [1]
time                    0x1fff0560    0x4  Data  Lc  main.o [1]
uart_getchar            0x00001b51   0x10  Code  Gb  uart.o [1]
uart_init               0x00001a45  0x10c  Code  Gb  uart.o [1]
uart_outwhat            0x1fff0570    0x4  Data  Gb  main.o [1]
uart_putchar            0x00001b61   0x14  Code  Gb  uart.o [1]
uart_sendStr            0x00001b75   0x1a  Code  Gb  uart.o [1]
water_lights            0x0000228b   0x8c  Code  Gb  LED.o [1]
wdog_disable            0x000025c1   0x14  Code  Gb  wdog.o [1]
wdog_unlock             0x000025d5   0x14  Code  Gb  wdog.o [1]
write_vtor              0x00002081    0x6  Code  Gb  arm_cm4.o [1]


[1] = E:\k60bottom\liu_bottom9\build\fire_demo\Release\Obj
[2] = command line
[3] = dl7M_tln.a
[4] = m7M_tl.a
[5] = rt7M_tl.a
[6] = shb_l.a

  8 642 bytes of readonly  code memory
     60 bytes of readwrite code memory
  1 232 bytes of readonly  data memory
    352 bytes of readwrite data memory

Errors: none
Warnings: none
